QUICK TEST: muestras reducidas; las precisiones no son resultados del experimento completo.
Device in use: cpu
Using the latest cached version of the dataset since uoft-cs/cifar100 couldn't be found on the Hugging Face Hub (offline mode is enabled).
Found the latest cached dataset configuration 'cifar100' at /cache/huggingface/datasets/uoft-cs___cifar100/cifar100/0.0.0/aadb3af77e9048adbea6b47c21a81e47dd092ae5 (last modified on Thu Oct  1 14:51:09 2026).

Filter:   0%|          | 0/10000 [00:00<?, ? examples/s]
Filter:  10%|█         | 1000/10000 [00:00<00:01, 8646.89 examples/s]
Filter:  30%|███       | 3000/10000 [00:00<00:00, 11397.49 examples/s]
Filter:  50%|█████     | 5000/10000 [00:00<00:00, 11747.10 examples/s]
Filter:  70%|███████   | 7000/10000 [00:00<00:00, 12082.55 examples/s]
Filter:  90%|█████████ | 9000/10000 [00:00<00:00, 8743.51 examples/s] 
Filter: 100%|██████████| 10000/10000 [00:01<00:00, 9882.49 examples/s]

Filter:   0%|          | 0/10000 [00:00<?, ? examples/s]
Filter:  20%|██        | 2000/10000 [00:00<00:00, 12586.87 examples/s]
Filter:  40%|████      | 4000/10000 [00:00<00:00, 12597.83 examples/s]
Filter:  60%|██████    | 6000/10000 [00:00<00:00, 12748.02 examples/s]
Filter:  80%|████████  | 8000/10000 [00:00<00:00, 12561.39 examples/s]
Filter: 100%|██████████| 10000/10000 [00:00<00:00, 12581.88 examples/s]
Filter: 100%|██████████| 10000/10000 [00:00<00:00, 12552.33 examples/s]

========================================================
  PHASE 1: TRAINING ON GROUP A (ONCE FOR ALL EXPERIMENTS)
========================================================

Filter:   0%|          | 0/25000 [00:00<?, ? examples/s]
Filter:   8%|▊         | 2000/25000 [00:00<00:02, 11441.98 examples/s]
Filter:  16%|█▌        | 4000/25000 [00:00<00:01, 12234.51 examples/s]
Filter:  24%|██▍       | 6000/25000 [00:00<00:01, 12169.27 examples/s]
Filter:  32%|███▏      | 8000/25000 [00:00<00:01, 12285.99 examples/s]
Filter:  40%|████      | 10000/25000 [00:00<00:01, 12437.49 examples/s]
Filter:  48%|████▊     | 12000/25000 [00:00<00:01, 12617.55 examples/s]
Filter:  56%|█████▌    | 14000/25000 [00:01<00:00, 12456.34 examples/s]
Filter:  64%|██████▍   | 16000/25000 [00:01<00:00, 12618.06 examples/s]
Filter:  72%|███████▏  | 18000/25000 [00:01<00:00, 12689.78 examples/s]
Filter:  80%|████████  | 20000/25000 [00:01<00:00, 11351.91 examples/s]
Filter:  88%|████████▊ | 22000/25000 [00:01<00:00, 11167.40 examples/s]
Filter:  96%|█████████▌| 24000/25000 [00:02<00:00, 11499.51 examples/s]
Filter: 100%|██████████| 25000/25000 [00:02<00:00, 11878.01 examples/s]

Filter:   0%|          | 0/25000 [00:00<?, ? examples/s]
Filter:   8%|▊         | 2000/25000 [00:00<00:02, 11017.43 examples/s]
Filter:  16%|█▌        | 4000/25000 [00:00<00:02, 10334.26 examples/s]
Filter:  24%|██▍       | 6000/25000 [00:00<00:01, 11010.81 examples/s]
Filter:  32%|███▏      | 8000/25000 [00:00<00:01, 10046.67 examples/s]
Filter:  40%|████      | 10000/25000 [00:00<00:01, 10427.86 examples/s]
Filter:  48%|████▊     | 12000/25000 [00:01<00:01, 10733.10 examples/s]
Filter:  56%|█████▌    | 14000/25000 [00:01<00:00, 11231.99 examples/s]
Filter:  64%|██████▍   | 16000/25000 [00:01<00:00, 11707.53 examples/s]
Filter:  72%|███████▏  | 18000/25000 [00:01<00:00, 11664.60 examples/s]
Filter:  80%|████████  | 20000/25000 [00:01<00:00, 11570.37 examples/s]
Filter:  88%|████████▊ | 22000/25000 [00:01<00:00, 11824.01 examples/s]
Filter:  96%|█████████▌| 24000/25000 [00:02<00:00, 11931.34 examples/s]
Filter: 100%|██████████| 25000/25000 [00:02<00:00, 11358.85 examples/s]
Phase 1 - Round 1/1 -> Group A Accuracy: 2.00%

========================================================
  RUNNING PHASE 2: Replay Buffer = No Replay
========================================================

Filter:   0%|          | 0/25000 [00:00<?, ? examples/s]
Filter:   8%|▊         | 2000/25000 [00:00<00:01, 12347.97 examples/s]
Filter:  16%|█▌        | 4000/25000 [00:00<00:01, 11784.41 examples/s]
Filter:  24%|██▍       | 6000/25000 [00:00<00:01, 12161.92 examples/s]
Filter:  32%|███▏      | 8000/25000 [00:00<00:01, 12389.65 examples/s]
Filter:  40%|████      | 10000/25000 [00:00<00:01, 12243.47 examples/s]
Filter:  48%|████▊     | 12000/25000 [00:00<00:01, 12296.45 examples/s]
Filter:  56%|█████▌    | 14000/25000 [00:01<00:00, 12360.22 examples/s]
Filter:  64%|██████▍   | 16000/25000 [00:01<00:00, 12162.05 examples/s]
Filter:  72%|███████▏  | 18000/25000 [00:01<00:00, 10936.94 examples/s]
Filter:  80%|████████  | 20000/25000 [00:01<00:00, 10931.30 examples/s]
Filter:  88%|████████▊ | 22000/25000 [00:01<00:00, 10804.50 examples/s]
Filter:  96%|█████████▌| 24000/25000 [00:02<00:00, 11066.54 examples/s]
Filter: 100%|██████████| 25000/25000 [00:02<00:00, 11495.91 examples/s]

Filter:   0%|          | 0/25000 [00:00<?, ? examples/s]
Filter:   8%|▊         | 2000/25000 [00:00<00:01, 12566.53 examples/s]
Filter:  16%|█▌        | 4000/25000 [00:00<00:01, 12414.47 examples/s]
Filter:  24%|██▍       | 6000/25000 [00:00<00:02, 8088.08 examples/s] 
Filter:  32%|███▏      | 8000/25000 [00:00<00:01, 9223.83 examples/s]
Filter:  40%|████      | 10000/25000 [00:01<00:01, 10174.44 examples/s]
Filter:  48%|████▊     | 12000/25000 [00:01<00:01, 10599.56 examples/s]
Filter:  56%|█████▌    | 14000/25000 [00:01<00:01, 10684.27 examples/s]
Filter:  64%|██████▍   | 16000/25000 [00:01<00:00, 10981.35 examples/s]
Filter:  72%|███████▏  | 18000/25000 [00:01<00:00, 10887.34 examples/s]
Filter:  80%|████████  | 20000/25000 [00:01<00:00, 10797.17 examples/s]
Filter:  88%|████████▊ | 22000/25000 [00:02<00:00, 11066.17 examples/s]
Filter:  96%|█████████▌| 24000/25000 [00:02<00:00, 11051.19 examples/s]
Filter: 100%|██████████| 25000/25000 [00:02<00:00, 10655.07 examples/s]
Phase 2 - Round 1/1 -> Group A Accuracy: 0.00% | Group B Accuracy: 3.00%

========================================================
  RUNNING PHASE 2: Replay Buffer = 5% Replay
========================================================
Phase 2 - Round 1/1 -> Group A Accuracy: 0.00% | Group B Accuracy: 5.00%

========================================================
  RUNNING PHASE 2: Replay Buffer = 10% Replay
========================================================
Phase 2 - Round 1/1 -> Group A Accuracy: 0.00% | Group B Accuracy: 0.00%

========================================================
  RUNNING PHASE 2: Replay Buffer = 15% Replay
========================================================
Phase 2 - Round 1/1 -> Group A Accuracy: 0.00% | Group B Accuracy: 5.00%

========================================================
  RUNNING PHASE 2: Replay Buffer = 20% Replay
========================================================
Phase 2 - Round 1/1 -> Group A Accuracy: 0.00% | Group B Accuracy: 0.00%

===============================================================================================
                    INTERMEDIATE TABLE (NO REPLAY vs 5%, 10%, 15% & 20% REPLAY)
===============================================================================================
Method               | Group A (Before)   | Group A (After)    | Group B (After)    | Accuracy Loss  
-----------------------------------------------------------------------------------------------
No Replay            |              2.00% |              0.00% |              3.00% |           2.00%
5% Replay            |              2.00% |              0.00% |              5.00% |           2.00%
10% Replay           |              2.00% |              0.00% |              0.00% |           2.00%
15% Replay           |              2.00% |              0.00% |              5.00% |           2.00%
20% Replay           |              2.00% |              0.00% |              0.00% |           2.00%
===============================================================================================

[INFO] Chart successfully saved as 'group_a_accuracy_loss_up_to_20.png'

========================================================
  RUNNING PHASE 2: Replay Buffer = 25% Replay
========================================================
Phase 2 - Round 1/1 -> Group A Accuracy: 0.00% | Group B Accuracy: 1.00%

===============================================================================================
                    FINAL COMPARISON TABLE (ALL REPLAY BUFFERS)
===============================================================================================
Method               | Group A (Before)   | Group A (After)    | Group B (After)    | Accuracy Loss  
-----------------------------------------------------------------------------------------------
No Replay            |              2.00% |              0.00% |              3.00% |           2.00%
5% Replay            |              2.00% |              0.00% |              5.00% |           2.00%
10% Replay           |              2.00% |              0.00% |              0.00% |           2.00%
15% Replay           |              2.00% |              0.00% |              5.00% |           2.00%
20% Replay           |              2.00% |              0.00% |              0.00% |           2.00%
25% Replay           |              2.00% |              0.00% |              1.00% |           2.00%
===============================================================================================

[INFO] Chart successfully saved as 'group_a_accuracy_loss_all_buffers.png'
