Warning: You are sending unauthenticated requests to the HF Hub. Please set a HF_TOKEN to enable higher rate limits and faster downloads.

Filter:   0%|          | 0/5000 [00:00<?, ? examples/s]
Filter:  20%|██        | 1000/5000 [00:00<00:00, 8209.77 examples/s]
Filter:  60%|██████    | 3000/5000 [00:00<00:00, 11188.18 examples/s]
Filter: 100%|██████████| 5000/5000 [00:00<00:00, 11935.86 examples/s]
Filter: 100%|██████████| 5000/5000 [00:00<00:00, 11413.13 examples/s]

Filter:   0%|          | 0/5000 [00:00<?, ? examples/s]
Filter:  40%|████      | 2000/5000 [00:00<00:00, 12785.45 examples/s]
Filter:  80%|████████  | 4000/5000 [00:00<00:00, 7220.66 examples/s] 
Filter: 100%|██████████| 5000/5000 [00:00<00:00, 8396.19 examples/s]

Filter:   0%|          | 0/10000 [00:00<?, ? examples/s]
Filter:  20%|██        | 2000/10000 [00:00<00:00, 13844.71 examples/s]
Filter:  40%|████      | 4000/10000 [00:00<00:00, 13767.67 examples/s]
Filter:  60%|██████    | 6000/10000 [00:00<00:00, 13829.70 examples/s]
Filter:  80%|████████  | 8000/10000 [00:00<00:00, 13901.70 examples/s]
Filter: 100%|██████████| 10000/10000 [00:00<00:00, 13784.25 examples/s]
Filter: 100%|██████████| 10000/10000 [00:00<00:00, 13768.12 examples/s]

Filter:   0%|          | 0/10000 [00:00<?, ? examples/s]
Filter:  20%|██        | 2000/10000 [00:00<00:00, 14302.58 examples/s]
Filter:  40%|████      | 4000/10000 [00:00<00:00, 14484.01 examples/s]
Filter:  60%|██████    | 6000/10000 [00:00<00:00, 14433.14 examples/s]
Filter:  80%|████████  | 8000/10000 [00:00<00:00, 13167.72 examples/s]
Filter: 100%|██████████| 10000/10000 [00:00<00:00, 13376.76 examples/s]
Filter: 100%|██████████| 10000/10000 [00:00<00:00, 13603.82 examples/s]
mezcla_actual: 20/79 actualizaciones
mezcla_actual: 40/79 actualizaciones
mezcla_actual: 60/79 actualizaciones
mezcla_actual {"A": {"correct": 0, "total": 5000, "accuracy_percent": 0.0, "prediction_counts": {"76": 125, "63": 80, "79": 61, "66": 220, "71": 11, "58": 657, "57": 492, "94": 419, "69": 270, "52": 91, "98": 273, "84": 286, "91": 171, "83": 66, "56": 34, "51": 106, "97": 17, "70": 76, "67": 85, "72": 120, "90": 89, "88": 87, "60": 118, "82": 27, "78": 56, "86": 118, "95": 84, "50": 101, "85": 14, "61": 130, "75": 120, "53": 128, "99": 25, "68": 41, "64": 29, "96": 55, "73": 41, "54": 45, "55": 4, "87": 16, "89": 4, "81": 7, "93": 1}, "predictions_group_a": 0, "predictions_group_b": 5000, "mean_cross_entropy": 5.353619659423829, "diagnostic_accuracy_with_true_group_given_percent": 13.52}, "B": {"correct": 894, "total": 5000, "accuracy_percent": 17.88, "prediction_counts": {"69": 243, "98": 211, "58": 651, "50": 107, "99": 28, "53": 209, "70": 132, "86": 83, "57": 309, "54": 32, "73": 83, "63": 84, "61": 138, "95": 124, "85": 19, "83": 124, "75": 127, "52": 207, "67": 147, "79": 75, "84": 176, "90": 107, "94": 319, "76": 154, "91": 116, "82": 29, "60": 155, "56": 28, "66": 228, "72": 99, "78": 48, "51": 85, "88": 86, "68": 58, "96": 57, "71": 37, "64": 24, "81": 17, "97": 12, "87": 21, "92": 3, "55": 3, "93": 3, "62": 1, "89": 1}, "predictions_group_a": 0, "predictions_group_b": 5000, "mean_cross_entropy": 3.140364623641968, "diagnostic_accuracy_with_true_group_given_percent": 17.88}}
lotes_equilibrados: 20/79 actualizaciones
lotes_equilibrados: 40/79 actualizaciones
lotes_equilibrados: 60/79 actualizaciones
lotes_equilibrados {"A": {"correct": 455, "total": 5000, "accuracy_percent": 9.1, "prediction_counts": {"12": 401, "21": 350, "64": 341, "68": 66, "47": 30, "20": 142, "27": 131, "59": 56, "46": 173, "26": 231, "86": 525, "94": 261, "9": 108, "13": 48, "11": 39, "82": 82, "17": 134, "14": 135, "67": 130, "92": 63, "41": 46, "69": 18, "43": 33, "61": 110, "54": 5, "83": 76, "78": 131, "23": 86, "48": 35, "72": 13, "52": 18, "6": 8, "63": 136, "30": 165, "24": 44, "93": 91, "2": 19, "15": 86, "96": 42, "76": 7, "84": 21, "1": 51, "19": 9, "39": 34, "79": 18, "60": 34, "38": 1, "4": 9, "49": 16, "32": 26, "31": 22, "25": 4, "0": 24, "37": 30, "53": 16, "18": 1, "70": 1, "34": 11, "40": 1, "62": 1, "91": 2, "29": 8, "33": 1, "71": 8, "36": 6, "65": 9, "28": 4, "90": 3, "58": 6, "95": 2, "45": 3, "85": 1, "81": 1, "35": 1}, "predictions_group_a": 2706, "predictions_group_b": 2294, "mean_cross_entropy": 4.044406691360473, "diagnostic_accuracy_with_true_group_given_percent": 14.1}, "B": {"correct": 510, "total": 5000, "accuracy_percent": 10.2, "prediction_counts": {"32": 22, "78": 126, "1": 41, "64": 376, "27": 105, "90": 6, "30": 304, "0": 27, "83": 113, "82": 187, "20": 42, "86": 446, "46": 126, "63": 151, "67": 177, "26": 165, "41": 24, "4": 13, "52": 93, "94": 193, "43": 24, "21": 381, "12": 456, "61": 88, "14": 110, "6": 13, "17": 94, "31": 18, "68": 98, "60": 76, "13": 34, "39": 27, "92": 104, "47": 20, "59": 67, "9": 50, "23": 77, "79": 20, "24": 32, "69": 16, "71": 9, "93": 90, "11": 26, "37": 21, "53": 58, "81": 2, "48": 22, "84": 12, "96": 59, "65": 4, "15": 41, "36": 7, "49": 30, "76": 7, "2": 12, "58": 13, "72": 10, "95": 1, "45": 1, "38": 2, "19": 5, "54": 3, "7": 1, "34": 3, "70": 6, "29": 8, "35": 1, "91": 1, "8": 1, "51": 1, "28": 1}, "predictions_group_a": 2387, "predictions_group_b": 2613, "mean_cross_entropy": 3.694964503479004, "diagnostic_accuracy_with_true_group_given_percent": 16.06}}
CONTROL LOCAL TERMINADO; estos valores no son resultados federados.
