Warning: You are sending unauthenticated requests to the HF Hub. Please set a HF_TOKEN to enable higher rate limits and faster downloads.
phase1 {"A": {"correct": 1344, "total": 5000, "accuracy_percent": 26.88, "prediction_counts": {"31": 233, "20": 224, "36": 162, "48": 116, "21": 339, "44": 76, "33": 135, "14": 81, "43": 246, "22": 74, "34": 48, "37": 142, "12": 113, "40": 5, "3": 106, "27": 220, "17": 162, "41": 68, "38": 88, "0": 191, "5": 74, "42": 94, "1": 161, "46": 92, "15": 41, "28": 175, "18": 101, "29": 26, "16": 59, "23": 186, "13": 62, "2": 121, "9": 104, "49": 102, "24": 191, "8": 47, "7": 77, "30": 103, "4": 42, "45": 62, "47": 101, "6": 71, "32": 16, "35": 9, "26": 25, "25": 4, "39": 17, "19": 8}, "predictions_group_a": 5000, "predictions_group_b": 0, "mean_cross_entropy": 2.8296415088653566, "diagnostic_accuracy_with_true_group_given_percent": 26.88, "without_exact_train_duplicates": {"correct": 1341, "total": 4994, "accuracy_percent": 26.85222266720064, "excluded_samples": 6}}, "B": {"correct": 0, "total": 5000, "accuracy_percent": 0.0, "prediction_counts": {"29": 18, "43": 227, "8": 44, "0": 340, "24": 92, "44": 82, "20": 154, "27": 282, "42": 102, "2": 81, "30": 188, "21": 326, "28": 171, "17": 184, "36": 123, "46": 98, "1": 200, "18": 99, "48": 87, "37": 140, "22": 78, "13": 55, "6": 82, "12": 110, "5": 50, "31": 227, "38": 80, "47": 232, "33": 145, "14": 72, "4": 44, "49": 168, "3": 77, "9": 59, "45": 43, "34": 28, "23": 225, "16": 53, "7": 51, "15": 17, "41": 23, "26": 12, "35": 5, "32": 13, "40": 5, "39": 3, "25": 3, "19": 2}, "predictions_group_a": 5000, "predictions_group_b": 0, "mean_cross_entropy": 22.008844143676757, "diagnostic_accuracy_with_true_group_given_percent": 1.3, "without_exact_train_duplicates": {"correct": 0, "total": 4996, "accuracy_percent": 0.0, "excluded_samples": 4}}}
phase2_0 {"A": {"correct": 0, "total": 5000, "accuracy_percent": 0.0, "prediction_counts": {"63": 484, "98": 146, "92": 83, "74": 95, "97": 406, "86": 353, "96": 110, "83": 48, "94": 423, "72": 42, "84": 13, "88": 175, "59": 102, "85": 126, "61": 331, "89": 110, "51": 57, "57": 119, "65": 58, "66": 84, "53": 192, "68": 163, "95": 113, "82": 95, "58": 24, "52": 70, "69": 56, "81": 75, "90": 13, "75": 116, "54": 45, "56": 48, "62": 19, "76": 100, "60": 74, "93": 16, "77": 16, "79": 16, "71": 124, "67": 63, "50": 56, "78": 25, "64": 9, "73": 67, "91": 6, "87": 7, "70": 20, "99": 6, "80": 1}, "predictions_group_a": 0, "predictions_group_b": 5000, "mean_cross_entropy": 22.159175634765624, "diagnostic_accuracy_with_true_group_given_percent": 1.86, "without_exact_train_duplicates": {"correct": 0, "total": 4994, "accuracy_percent": 0.0, "excluded_samples": 6}}, "B": {"correct": 1098, "total": 5000, "accuracy_percent": 21.96, "prediction_counts": {"86": 203, "94": 248, "97": 420, "53": 282, "89": 103, "63": 517, "91": 4, "88": 144, "61": 225, "95": 129, "72": 31, "75": 140, "73": 169, "52": 193, "50": 38, "67": 99, "68": 188, "98": 62, "59": 102, "82": 127, "71": 156, "83": 37, "65": 71, "66": 82, "76": 102, "96": 100, "85": 136, "92": 85, "70": 55, "57": 80, "60": 141, "77": 13, "51": 32, "74": 81, "58": 27, "54": 53, "78": 24, "90": 21, "62": 60, "56": 43, "81": 58, "84": 7, "80": 1, "69": 73, "64": 6, "99": 3, "79": 19, "93": 7, "87": 3}, "predictions_group_a": 0, "predictions_group_b": 5000, "mean_cross_entropy": 2.838297283935547, "diagnostic_accuracy_with_true_group_given_percent": 21.96, "without_exact_train_duplicates": {"correct": 1098, "total": 4996, "accuracy_percent": 21.977582065652523, "excluded_samples": 4}}}
phase2_20 {"A": {"correct": 0, "total": 5000, "accuracy_percent": 0.0, "prediction_counts": {"63": 320, "86": 359, "80": 60, "58": 108, "66": 526, "97": 434, "85": 127, "74": 104, "83": 36, "94": 385, "72": 134, "88": 110, "52": 211, "61": 226, "51": 149, "89": 37, "64": 67, "53": 108, "95": 157, "82": 147, "67": 84, "78": 18, "93": 49, "98": 99, "56": 27, "62": 129, "54": 71, "68": 40, "96": 94, "59": 75, "76": 62, "69": 50, "73": 116, "81": 27, "87": 35, "57": 41, "60": 43, "84": 17, "71": 63, "92": 12, "99": 9, "65": 14, "70": 14, "90": 3, "79": 1, "91": 1, "77": 1}, "predictions_group_a": 0, "predictions_group_b": 5000, "mean_cross_entropy": 5.16303115234375, "diagnostic_accuracy_with_true_group_given_percent": 17.12, "without_exact_train_duplicates": {"correct": 0, "total": 4994, "accuracy_percent": 0.0, "excluded_samples": 6}}, "B": {"correct": 982, "total": 5000, "accuracy_percent": 19.64, "prediction_counts": {"85": 135, "94": 234, "66": 537, "53": 175, "83": 29, "56": 39, "74": 115, "81": 38, "97": 403, "73": 238, "55": 1, "86": 177, "52": 325, "80": 59, "61": 151, "62": 221, "88": 91, "67": 117, "76": 53, "63": 322, "54": 57, "82": 212, "71": 94, "84": 10, "87": 20, "96": 97, "64": 49, "59": 71, "72": 111, "95": 178, "51": 122, "58": 72, "77": 3, "89": 30, "69": 47, "60": 107, "78": 8, "93": 34, "57": 42, "98": 45, "70": 24, "68": 68, "90": 4, "99": 7, "65": 19, "92": 5, "75": 2, "79": 2}, "predictions_group_a": 0, "predictions_group_b": 5000, "mean_cross_entropy": 3.103451279449463, "diagnostic_accuracy_with_true_group_given_percent": 19.64, "without_exact_train_duplicates": {"correct": 982, "total": 4996, "accuracy_percent": 19.65572457966373, "excluded_samples": 4}}}

Filter:   0%|          | 0/5000 [00:00<?, ? examples/s]
Filter:  40%|████      | 2000/5000 [00:00<00:00, 5079.06 examples/s]
Filter:  80%|████████  | 4000/5000 [00:00<00:00, 7713.80 examples/s]
Filter: 100%|██████████| 5000/5000 [00:00<00:00, 7731.91 examples/s]

Filter:   0%|          | 0/5000 [00:00<?, ? examples/s]
Filter:  20%|██        | 1000/5000 [00:00<00:00, 9821.30 examples/s]
Filter:  60%|██████    | 3000/5000 [00:00<00:00, 11054.07 examples/s]
Filter: 100%|██████████| 5000/5000 [00:00<00:00, 11627.13 examples/s]
Filter: 100%|██████████| 5000/5000 [00:00<00:00, 11308.93 examples/s]

Filter:   0%|          | 0/5000 [00:00<?, ? examples/s]
Filter:  40%|████      | 2000/5000 [00:00<00:00, 12277.62 examples/s]
Filter:  80%|████████  | 4000/5000 [00:00<00:00, 11739.64 examples/s]
Filter: 100%|██████████| 5000/5000 [00:00<00:00, 11725.86 examples/s]

Filter:   0%|          | 0/5000 [00:00<?, ? examples/s]
Filter:  40%|████      | 2000/5000 [00:00<00:00, 10694.98 examples/s]
Filter:  80%|████████  | 4000/5000 [00:00<00:00, 10611.75 examples/s]
Filter: 100%|██████████| 5000/5000 [00:00<00:00, 10893.05 examples/s]

Filter:   0%|          | 0/5000 [00:00<?, ? examples/s]
Filter:  40%|████      | 2000/5000 [00:00<00:00, 11687.89 examples/s]
Filter:  80%|████████  | 4000/5000 [00:00<00:00, 11313.33 examples/s]
Filter: 100%|██████████| 5000/5000 [00:00<00:00, 11377.45 examples/s]

Filter:   0%|          | 0/5000 [00:00<?, ? examples/s]
Filter:  40%|████      | 2000/5000 [00:00<00:00, 12924.56 examples/s]
Filter:  80%|████████  | 4000/5000 [00:00<00:00, 12517.19 examples/s]
Filter: 100%|██████████| 5000/5000 [00:00<00:00, 12529.92 examples/s]

Filter:   0%|          | 0/5000 [00:00<?, ? examples/s]
Filter:  40%|████      | 2000/5000 [00:00<00:00, 12202.25 examples/s]
Filter:  80%|████████  | 4000/5000 [00:00<00:00, 11349.64 examples/s]
Filter: 100%|██████████| 5000/5000 [00:00<00:00, 11392.45 examples/s]

Filter:   0%|          | 0/5000 [00:00<?, ? examples/s]
Filter:  40%|████      | 2000/5000 [00:00<00:00, 11879.86 examples/s]
Filter:  80%|████████  | 4000/5000 [00:00<00:00, 12100.90 examples/s]
Filter: 100%|██████████| 5000/5000 [00:00<00:00, 12078.57 examples/s]

Filter:   0%|          | 0/5000 [00:00<?, ? examples/s]
Filter:  40%|████      | 2000/5000 [00:00<00:00, 12755.22 examples/s]
Filter:  80%|████████  | 4000/5000 [00:00<00:00, 12445.87 examples/s]
Filter: 100%|██████████| 5000/5000 [00:00<00:00, 12372.62 examples/s]

Filter:   0%|          | 0/5000 [00:00<?, ? examples/s]
Filter:  40%|████      | 2000/5000 [00:00<00:00, 11206.04 examples/s]
Filter:  80%|████████  | 4000/5000 [00:00<00:00, 11898.80 examples/s]
Filter: 100%|██████████| 5000/5000 [00:00<00:00, 11576.22 examples/s]

Filter:   0%|          | 0/5000 [00:00<?, ? examples/s]
Filter:  40%|████      | 2000/5000 [00:00<00:00, 12426.08 examples/s]
Filter:  80%|████████  | 4000/5000 [00:00<00:00, 12663.94 examples/s]
Filter: 100%|██████████| 5000/5000 [00:00<00:00, 12440.62 examples/s]

Filter:   0%|          | 0/5000 [00:00<?, ? examples/s]
Filter:  40%|████      | 2000/5000 [00:00<00:00, 11353.20 examples/s]
Filter:  80%|████████  | 4000/5000 [00:00<00:00, 10761.58 examples/s]
Filter: 100%|██████████| 5000/5000 [00:00<00:00, 10900.30 examples/s]

Filter:   0%|          | 0/5000 [00:00<?, ? examples/s]
Filter:  40%|████      | 2000/5000 [00:00<00:00, 12364.08 examples/s]
Filter:  80%|████████  | 4000/5000 [00:00<00:00, 12145.12 examples/s]
Filter: 100%|██████████| 5000/5000 [00:00<00:00, 12110.46 examples/s]

Filter:   0%|          | 0/5000 [00:00<?, ? examples/s]
Filter:  40%|████      | 2000/5000 [00:00<00:00, 12220.99 examples/s]
Filter:  80%|████████  | 4000/5000 [00:00<00:00, 12375.48 examples/s]
Filter: 100%|██████████| 5000/5000 [00:00<00:00, 11860.61 examples/s]

Filter:   0%|          | 0/5000 [00:00<?, ? examples/s]
Filter:  40%|████      | 2000/5000 [00:00<00:00, 11555.26 examples/s]
Filter:  80%|████████  | 4000/5000 [00:00<00:00, 12266.80 examples/s]
Filter: 100%|██████████| 5000/5000 [00:00<00:00, 11776.97 examples/s]

Filter:   0%|          | 0/5000 [00:00<?, ? examples/s]
Filter:  40%|████      | 2000/5000 [00:00<00:00, 11968.41 examples/s]
Filter:  80%|████████  | 4000/5000 [00:00<00:00, 11602.26 examples/s]
Filter: 100%|██████████| 5000/5000 [00:00<00:00, 11745.09 examples/s]

Filter:   0%|          | 0/5000 [00:00<?, ? examples/s]
Filter:  40%|████      | 2000/5000 [00:00<00:00, 12255.63 examples/s]
Filter:  80%|████████  | 4000/5000 [00:00<00:00, 12499.31 examples/s]
Filter: 100%|██████████| 5000/5000 [00:00<00:00, 12434.32 examples/s]

Filter:   0%|          | 0/5000 [00:00<?, ? examples/s]
Filter:  40%|████      | 2000/5000 [00:00<00:00, 11623.67 examples/s]
Filter:  80%|████████  | 4000/5000 [00:00<00:00, 11705.25 examples/s]
Filter: 100%|██████████| 5000/5000 [00:00<00:00, 11711.27 examples/s]

Filter:   0%|          | 0/5000 [00:00<?, ? examples/s]
Filter:  40%|████      | 2000/5000 [00:00<00:00, 12178.23 examples/s]
Filter:  80%|████████  | 4000/5000 [00:00<00:00, 12533.43 examples/s]
Filter: 100%|██████████| 5000/5000 [00:00<00:00, 12303.44 examples/s]

Filter:   0%|          | 0/5000 [00:00<?, ? examples/s]
Filter:  40%|████      | 2000/5000 [00:00<00:00, 5304.79 examples/s]
Filter:  80%|████████  | 4000/5000 [00:00<00:00, 7871.43 examples/s]
Filter: 100%|██████████| 5000/5000 [00:00<00:00, 7964.62 examples/s]
COMPARACIÓN COMPLETA VERIFICADA: métricas, pesos iniciales, presupuesto y memoria real coinciden.
